Archive member included to satisfy reference by file (symbol)

d:/program files (x86)/atmel/studio/7.0/toolchain/arm/arm-gnu-toolchain/bin/../lib/gcc/arm-none-eabi/6.3.1/../../../../arm-none-eabi/lib/thumb/v8-m.base\libc_nano.a(lib_a-exit.o)
                              d:/program files (x86)/atmel/studio/7.0/toolchain/arm/arm-gnu-toolchain/bin/../lib/gcc/arm-none-eabi/6.3.1/../../../../arm-none-eabi/lib/thumb/v8-m.base/crt0.o (exit)
d:/program files (x86)/atmel/studio/7.0/toolchain/arm/arm-gnu-toolchain/bin/../lib/gcc/arm-none-eabi/6.3.1/../../../../arm-none-eabi/lib/thumb/v8-m.base\libc_nano.a(lib_a-impure.o)
                              d:/program files (x86)/atmel/studio/7.0/toolchain/arm/arm-gnu-toolchain/bin/../lib/gcc/arm-none-eabi/6.3.1/../../../../arm-none-eabi/lib/thumb/v8-m.base\libc_nano.a(lib_a-exit.o) (_global_impure_ptr)
d:/program files (x86)/atmel/studio/7.0/toolchain/arm/arm-gnu-toolchain/bin/../lib/gcc/arm-none-eabi/6.3.1/../../../../arm-none-eabi/lib/thumb/v8-m.base\libc_nano.a(lib_a-init.o)
                              d:/program files (x86)/atmel/studio/7.0/toolchain/arm/arm-gnu-toolchain/bin/../lib/gcc/arm-none-eabi/6.3.1/../../../../arm-none-eabi/lib/thumb/v8-m.base/crt0.o (__libc_init_array)
d:/program files (x86)/atmel/studio/7.0/toolchain/arm/arm-gnu-toolchain/bin/../lib/gcc/arm-none-eabi/6.3.1/../../../../arm-none-eabi/lib/thumb/v8-m.base\libc_nano.a(lib_a-memset.o)
                              d:/program files (x86)/atmel/studio/7.0/toolchain/arm/arm-gnu-toolchain/bin/../lib/gcc/arm-none-eabi/6.3.1/../../../../arm-none-eabi/lib/thumb/v8-m.base/crt0.o (memset)
d:/program files (x86)/atmel/studio/7.0/toolchain/arm/arm-gnu-toolchain/bin/../lib/gcc/arm-none-eabi/6.3.1/../../../../arm-none-eabi/lib/thumb/v8-m.base\libc_nano.a(lib_a-printf.o)
                              hal/utils/src/utils_syscalls.o (printf)
d:/program files (x86)/atmel/studio/7.0/toolchain/arm/arm-gnu-toolchain/bin/../lib/gcc/arm-none-eabi/6.3.1/../../../../arm-none-eabi/lib/thumb/v8-m.base\libc_nano.a(lib_a-findfp.o)
                              d:/program files (x86)/atmel/studio/7.0/toolchain/arm/arm-gnu-toolchain/bin/../lib/gcc/arm-none-eabi/6.3.1/../../../../arm-none-eabi/lib/thumb/v8-m.base\libc_nano.a(lib_a-printf.o) (__sinit)
d:/program files (x86)/atmel/studio/7.0/toolchain/arm/arm-gnu-toolchain/bin/../lib/gcc/arm-none-eabi/6.3.1/../../../../arm-none-eabi/lib/thumb/v8-m.base\libc_nano.a(lib_a-fwalk.o)
                              d:/program files (x86)/atmel/studio/7.0/toolchain/arm/arm-gnu-toolchain/bin/../lib/gcc/arm-none-eabi/6.3.1/../../../../arm-none-eabi/lib/thumb/v8-m.base\libc_nano.a(lib_a-findfp.o) (_fwalk)
d:/program files (x86)/atmel/studio/7.0/toolchain/arm/arm-gnu-toolchain/bin/../lib/gcc/arm-none-eabi/6.3.1/../../../../arm-none-eabi/lib/thumb/v8-m.base\libc_nano.a(lib_a-nano-mallocr.o)
                              d:/program files (x86)/atmel/studio/7.0/toolchain/arm/arm-gnu-toolchain/bin/../lib/gcc/arm-none-eabi/6.3.1/../../../../arm-none-eabi/lib/thumb/v8-m.base\libc_nano.a(lib_a-findfp.o) (_malloc_r)
d:/program files (x86)/atmel/studio/7.0/toolchain/arm/arm-gnu-toolchain/bin/../lib/gcc/arm-none-eabi/6.3.1/../../../../arm-none-eabi/lib/thumb/v8-m.base\libc_nano.a(lib_a-nano-vfprintf.o)
                              d:/program files (x86)/atmel/studio/7.0/toolchain/arm/arm-gnu-toolchain/bin/../lib/gcc/arm-none-eabi/6.3.1/../../../../arm-none-eabi/lib/thumb/v8-m.base\libc_nano.a(lib_a-printf.o) (_vfprintf_r)
d:/program files (x86)/atmel/studio/7.0/toolchain/arm/arm-gnu-toolchain/bin/../lib/gcc/arm-none-eabi/6.3.1/../../../../arm-none-eabi/lib/thumb/v8-m.base\libc_nano.a(lib_a-nano-vfprintf_i.o)
                              d:/program files (x86)/atmel/studio/7.0/toolchain/arm/arm-gnu-toolchain/bin/../lib/gcc/arm-none-eabi/6.3.1/../../../../arm-none-eabi/lib/thumb/v8-m.base\libc_nano.a(lib_a-nano-vfprintf.o) (_printf_i)
d:/program files (x86)/atmel/studio/7.0/toolchain/arm/arm-gnu-toolchain/bin/../lib/gcc/arm-none-eabi/6.3.1/../../../../arm-none-eabi/lib/thumb/v8-m.base\libc_nano.a(lib_a-sbrkr.o)
                              d:/program files (x86)/atmel/studio/7.0/toolchain/arm/arm-gnu-toolchain/bin/../lib/gcc/arm-none-eabi/6.3.1/../../../../arm-none-eabi/lib/thumb/v8-m.base\libc_nano.a(lib_a-nano-mallocr.o) (_sbrk_r)
d:/program files (x86)/atmel/studio/7.0/toolchain/arm/arm-gnu-toolchain/bin/../lib/gcc/arm-none-eabi/6.3.1/../../../../arm-none-eabi/lib/thumb/v8-m.base\libc_nano.a(lib_a-stdio.o)
                              d:/program files (x86)/atmel/studio/7.0/toolchain/arm/arm-gnu-toolchain/bin/../lib/gcc/arm-none-eabi/6.3.1/../../../../arm-none-eabi/lib/thumb/v8-m.base\libc_nano.a(lib_a-findfp.o) (__sread)
d:/program files (x86)/atmel/studio/7.0/toolchain/arm/arm-gnu-toolchain/bin/../lib/gcc/arm-none-eabi/6.3.1/../../../../arm-none-eabi/lib/thumb/v8-m.base\libc_nano.a(lib_a-wbuf.o)
[...]
Memory Configuration

Name             Origin             Length             Attributes
rom              0x00000000         0x00010000         xr
ram              0x20000000         0x00004000         xrw
*default*        0x00000000         0xffffffff

Linker script and memory map

LOAD d:/program files (x86)/atmel/studio/7.0/toolchain/arm/arm-gnu-toolchain/bin/../lib/gcc/arm-none-eabi/6.3.1/thumb/v8-m.base/crti.o
LOAD d:/program files (x86)/atmel/studio/7.0/toolchain/arm/arm-gnu-toolchain/bin/../lib/gcc/arm-none-eabi/6.3.1/thumb/v8-m.base/crtbegin.o
LOAD d:/program files (x86)/atmel/studio/7.0/toolchain/arm/arm-gnu-toolchain/bin/../lib/gcc/arm-none-eabi/6.3.1/../../../../arm-none-eabi/lib/thumb/v8-m.base/crt0.o
LOAD atmel_start.o
LOAD Device_Startup/startup_saml10d16a.o
LOAD Device_Startup/system_saml10d16a.o
LOAD driver_init.o
LOAD examples/driver_examples.o
LOAD hal/src/hal_atomic.o
LOAD hal/src/hal_delay.o
LOAD hal/src/hal_gpio.o
LOAD hal/src/hal_init.o
LOAD hal/src/hal_io.o
LOAD hal/src/hal_sleep.o
LOAD hal/utils/src/utils_assert.o
LOAD hal/utils/src/utils_event.o
LOAD hal/utils/src/utils_list.o
LOAD hal/utils/src/utils_syscalls.o
LOAD hpl/core/hpl_core_m23_base.o
LOAD hpl/core/hpl_init.o
LOAD hpl/dmac/hpl_dmac.o
LOAD hpl/gclk/hpl_gclk.o
LOAD hpl/mclk/hpl_mclk.o
LOAD hpl/osc32kctrl/hpl_osc32kctrl.o
LOAD hpl/oscctrl/hpl_oscctrl.o
LOAD hpl/pm/hpl_pm.o
LOAD main.o
START GROUP
LOAD d:/program files (x86)/atmel/studio/7.0/toolchain/arm/arm-gnu-toolchain/bin/../lib/gcc/arm-none-eabi/6.3.1/../../../../arm-none-eabi/lib/thumb/v8-m.base\libm.a
END GROUP
START GROUP
LOAD d:/program files (x86)/atmel/studio/7.0/toolchain/arm/arm-gnu-toolchain/bin/../lib/gcc/arm-none-eabi/6.3.1/thumb/v8-m.base\libgcc.a
LOAD d:/program files (x86)/atmel/studio/7.0/toolchain/arm/arm-gnu-toolchain/bin/../lib/gcc/arm-none-eabi/6.3.1/../../../../arm-none-eabi/lib/thumb/v8-m.base\libc_nano.a
END GROUP
START GROUP
LOAD d:/program files (x86)/atmel/studio/7.0/toolchain/arm/arm-gnu-toolchain/bin/../lib/gcc/arm-none-eabi/6.3.1/thumb/v8-m.base\libgcc.a
LOAD d:/program files (x86)/atmel/studio/7.0/toolchain/arm/arm-gnu-toolchain/bin/../lib/gcc/arm-none-eabi/6.3.1/../../../../arm-none-eabi/lib/thumb/v8-m.base\libc_nano.a
END GROUP
LOAD d:/program files (x86)/atmel/studio/7.0/toolchain/arm/arm-gnu-toolchain/bin/../lib/gcc/arm-none-eabi/6.3.1/thumb/v8-m.base/crtend.o
LOAD d:/program files (x86)/atmel/studio/7.0/toolchain/arm/arm-gnu-toolchain/bin/../lib/gcc/arm-none-eabi/6.3.1/thumb/v8-m.base/crtn.o
                0x00000400                STACK_SIZE = DEFINED (STACK_SIZE)?STACK_SIZE:DEFINED (__stack_size__)?__stack_size__:0x400
                0x00000200                HEAP_SIZE = DEFINED (HEAP_SIZE)?HEAP_SIZE:DEFINED (__heap_size__)?__heap_size__:0x200

.text           0x00000000      0x648
                0x00000000                . = ALIGN (0x4)
                0x00000000                _sfixed = .
 *(.vectors .vectors.*)
 .vectors       0x00000000       0xf4 Device_Startup/startup_saml10d16a.o
                0x00000000                exception_table
 *(.text .text.* .gnu.linkonce.t.*)
 .text          0x000000f4       0x6c d:/program files (x86)/atmel/studio/7.0/toolchain/arm/arm-gnu-toolchain/bin/../lib/gcc/arm-none-eabi/6.3.1/thumb/v8-m.base/crtbegin.o
 .text.atmel_start_init
                0x00000160        0xe atmel_start.o
                0x00000160                atmel_start_init
 .text.Dummy_Handler
                0x0000016e        0x2 Device_Startup/startup_saml10d16a.o
                0x0000016e                SVCall_Handler
                0x0000016e                SERCOM0_2_Handler
                0x0000016e                EVSYS_0_Handler
                0x0000016e                TRNG_Handler
                0x0000016e                HardFault_Handler
                0x0000016e                ADC_RESRDY_Handler
                0x0000016e                TC2_Handler
                0x0000016e                AC_Handler
                0x0000016e                DMAC_OTHER_Handler
                0x0000016e                SysTick_Handler
                0x0000016e                PendSV_Handler
                0x0000016e                EVSYS_3_Handler
                0x0000016e                NonMaskableInt_Handler
                0x0000016e                SERCOM0_OTHER_Handler
                0x0000016e                EIC_3_Handler
                0x0000016e                SERCOM0_0_Handler
                0x0000016e                RTC_Handler
                0x0000016e                SERCOM1_OTHER_Handler
                0x0000016e                EVSYS_1_Handler
                0x0000016e                DMAC_0_Handler
                0x0000016e                WDT_Handler
                0x0000016e                TRAM_Handler
                0x0000016e                EVSYS_NSCHK_Handler
                0x0000016e                TC1_Handler
                0x0000016e                DAC_EMPTY_Handler
                0x0000016e                PAC_Handler
                0x0000016e                EIC_0_Handler
                0x0000016e                Dummy_Handler
                0x0000016e                DMAC_2_Handler
                0x0000016e                SERCOM0_1_Handler
                0x0000016e                DMAC_1_Handler
                0x0000016e                SERCOM1_1_Handler
                0x0000016e                EIC_2_Handler
                0x0000016e                NVMCTRL_Handler
                0x0000016e                PORT_Handler
                0x0000016e                SYSTEM_Handler
                0x0000016e                SERCOM1_0_Handler
                0x0000016e                SERCOM1_2_Handler
                0x0000016e                EIC_1_Handler
                0x0000016e                PTC_Handler
                0x0000016e                EVSYS_2_Handler
                0x0000016e                FREQM_Handler
                0x0000016e                DAC_UNDERRUN_A_Handler
                0x0000016e                TC0_Handler
                0x0000016e                EIC_OTHER_Handler
                0x0000016e                ADC_OTHER_Handler
                0x0000016e                DMAC_3_Handler
 .text.Reset_Handler
                0x00000170       0xc4 Device_Startup/startup_saml10d16a.o
                0x00000170                Reset_Handler
 .text.system_init
                0x00000234      0x1da driver_init.o
                0x00000234                system_init
 .text.atomic_enter_critical
                0x0000040e        0xe hal/src/hal_atomic.o
                0x0000040e                atomic_enter_critical
 .text.atomic_leave_critical
                0x0000041c        0xc hal/src/hal_atomic.o
                0x0000041c                atomic_leave_critical
 .text.delay_ms
                0x00000428       0x26 hal/src/hal_delay.o
                0x00000428                delay_ms
 .text._get_cycles_for_ms
                0x0000044e       0x18 hpl/core/hpl_core_m23_base.o
                0x0000044e                _get_cycles_for_ms
 .text._delay_cycles
                0x00000466        0x6 hpl/core/hpl_core_m23_base.o
                0x00000466                _delay_cycles
 .text._init_chip
                0x0000046c       0x50 hpl/core/hpl_init.o
                0x0000046c                _init_chip
 .text._gclk_init_generators_by_fref
                0x000004bc       0x28 hpl/gclk/hpl_gclk.o
                0x000004bc                _gclk_init_generators_by_fref
 .text._mclk_init
                0x000004e4        0xe hpl/mclk/hpl_mclk.o
                0x000004e4                _mclk_init
 .text._osc32kctrl_init_sources
                0x000004f2       0x18 hpl/osc32kctrl/hpl_osc32kctrl.o
                0x000004f2                _osc32kctrl_init_sources
 .text._oscctrl_init_sources
                0x0000050a       0x2e hpl/oscctrl/hpl_oscctrl.o
                0x0000050a                _oscctrl_init_sources
 .text._oscctrl_init_referenced_generators
                0x00000538        0x2 hpl/oscctrl/hpl_oscctrl.o
                0x00000538                _oscctrl_init_referenced_generators
 .text._set_performance_level
                0x0000053a       0x3a hpl/pm/hpl_pm.o
                0x0000053a                _set_performance_level
 .text.main     0x00000574       0x62 main.o
                0x00000574                main
 *fill*         0x000005d6        0x2 
 .text.__libc_init_array
                0x000005d8       0x50 d:/program files (x86)/atmel/studio/7.0/toolchain/arm/arm-gnu-toolchain/bin/../lib/gcc/arm-none-eabi/6.3.1/../../../../arm-none-eabi/lib/thumb/v8-m.base\libc_nano.a(lib_a-init.o)
                0x000005d8                __libc_init_array
 *(.glue_7t)
 .glue_7t       0x00000628        0x0 linker stubs
 *(.glue_7)
 .glue_7        0x00000628        0x0 linker stubs
 *(.rodata .rodata* .gnu.linkonce.r.*)
 *(.ARM.extab* .gnu.linkonce.armextab.*)
                0x00000628                . = ALIGN (0x4)
 *(.init)
 .init          0x00000628        0x4 d:/program files (x86)/atmel/studio/7.0/toolchain/arm/arm-gnu-toolchain/bin/../lib/gcc/arm-none-eabi/6.3.1/thumb/v8-m.base/crti.o
                0x00000628                _init
 .init          0x0000062c        0x8 d:/program files (x86)/atmel/studio/7.0/toolchain/arm/arm-gnu-toolchain/bin/../lib/gcc/arm-none-eabi/6.3.1/thumb/v8-m.base/crtn.o
                0x00000634                . = ALIGN (0x4)
                0x00000634                __preinit_array_start = .
 *(.preinit_array)
                0x00000634                __preinit_array_end = .
                0x00000634                . = ALIGN (0x4)
                0x00000634                __init_array_start = .
 *(SORT(.init_array.*))
 *(.init_array)
 .init_array    0x00000634        0x4 d:/program files (x86)/atmel/studio/7.0/toolchain/arm/arm-gnu-toolchain/bin/../lib/gcc/arm-none-eabi/6.3.1/thumb/v8-m.base/crtbegin.o
                0x00000638                __init_array_end = .
                0x00000638                . = ALIGN (0x4)
 *crtbegin.o(.ctors)
 *(EXCLUDE_FILE(*crtend.o) .ctors)
 *(SORT(.ctors.*))
 *crtend.o(.ctors)
                0x00000638                . = ALIGN (0x4)
 *(.fini)
 .fini          0x00000638        0x4 d:/program files (x86)/atmel/studio/7.0/toolchain/arm/arm-gnu-toolchain/bin/../lib/gcc/arm-none-eabi/6.3.1/thumb/v8-m.base/crti.o
                0x00000638                _fini
 .fini          0x0000063c        0x8 d:/program files (x86)/atmel/studio/7.0/toolchain/arm/arm-gnu-toolchain/bin/../lib/gcc/arm-none-eabi/6.3.1/thumb/v8-m.base/crtn.o
                0x00000644                . = ALIGN (0x4)
                0x00000644                __fini_array_start = .
 *(.fini_array)
 .fini_array    0x00000644        0x4 d:/program files (x86)/atmel/studio/7.0/toolchain/arm/arm-gnu-toolchain/bin/../lib/gcc/arm-none-eabi/6.3.1/thumb/v8-m.base/crtbegin.o
 *(SORT(.fini_array.*))
                0x00000648                __fini_array_end = .
 *crtbegin.o(.dtors)
 *(EXCLUDE_FILE(*crtend.o) .dtors)
 *(SORT(.dtors.*))
 *crtend.o(.dtors)
                0x00000648                . = ALIGN (0x4)
                0x00000648                _efixed = .
                [!provide]                PROVIDE (__exidx_start, .)

.vfp11_veneer   0x00000648        0x0
 .vfp11_veneer  0x00000648        0x0 linker stubs

.v4_bx          0x00000648        0x0
 .v4_bx         0x00000648        0x0 linker stubs

.iplt           0x00000648        0x0
 .iplt          0x00000648        0x0 d:/program files (x86)/atmel/studio/7.0/toolchain/arm/arm-gnu-toolchain/bin/../lib/gcc/arm-none-eabi/6.3.1/thumb/v8-m.base/crtbegin.o

.eh_frame       0x00000648        0x0
 .eh_frame      0x00000648        0x0 d:/program files (x86)/atmel/studio/7.0/toolchain/arm/arm-gnu-toolchain/bin/../lib/gcc/arm-none-eabi/6.3.1/thumb/v8-m.base/crtbegin.o

.rel.dyn        0x00000648        0x0
 .rel.iplt      0x00000648        0x0 d:/program files (x86)/atmel/studio/7.0/toolchain/arm/arm-gnu-toolchain/bin/../lib/gcc/arm-none-eabi/6.3.1/thumb/v8-m.base/crtbegin.o

.jcr            0x00000648        0x0
 .jcr           0x00000648        0x0 d:/program files (x86)/atmel/studio/7.0/toolchain/arm/arm-gnu-toolchain/bin/../lib/gcc/arm-none-eabi/6.3.1/thumb/v8-m.base/crtbegin.o

.igot.plt       0x00000648        0x0
 .igot.plt      0x00000648        0x0 d:/program files (x86)/atmel/studio/7.0/toolchain/arm/arm-gnu-toolchain/bin/../lib/gcc/arm-none-eabi/6.3.1/thumb/v8-m.base/crtbegin.o

.ARM.exidx
 *(.ARM.exidx* .gnu.linkonce.armexidx.*)
                [!provide]                PROVIDE (__exidx_end, .)
                0x00000648                . = ALIGN (0x4)
                0x00000648                _etext = .

.relocate       0x20000000        0x0 load address 0x00000648
                0x20000000                . = ALIGN (0x4)
                0x20000000                _srelocate = .
 *(.ramfunc .ramfunc.*)
 *(.data .data.*)
                0x20000000                . = ALIGN (0x4)
                0x20000000                _erelocate = .

.bss            0x20000000       0x20
                0x20000000                . = ALIGN (0x4)
                0x20000000                _sbss = .
                0x20000000                _szero = .
 *(.bss .bss.*)
 .bss           0x20000000       0x1c d:/program files (x86)/atmel/studio/7.0/toolchain/arm/arm-gnu-toolchain/bin/../lib/gcc/arm-none-eabi/6.3.1/thumb/v8-m.base/crtbegin.o
 .bss           0x2000001c        0x4 hal/src/hal_delay.o
 *(COMMON)
                0x20000020                . = ALIGN (0x4)
                0x20000020                _ebss = .
                0x20000020                _ezero = .

.heap           0x20000020      0x200
                0x20000020                . = ALIGN (0x8)
                0x20000020                _sheap = .
                0x20000220                . = (. + HEAP_SIZE)
 *fill*         0x20000020      0x200 
                0x20000220                . = ALIGN (0x8)
                0x20000220                _eheap = .

.stack          0x20000220      0x400
                0x20000220                . = ALIGN (0x8)
                0x20000220                _sstack = .
                0x20000620                . = (. + STACK_SIZE)
 *fill*         0x20000220      0x400 
                0x20000620                . = ALIGN (0x8)
                0x20000620                _estack = .
                0x20000620                . = ALIGN (0x4)
                0x20000620                _end = .
                0x20003fff                _ram_end_ = ((ORIGIN (ram) + LENGTH (ram)) - 0x1)
OUTPUT(001_SAML_TogglePin.elf elf32-littlearm)

.ARM.attributes
                0x00000000       0x2c
 .ARM.attributes
                0x00000000       0x22 d:/program files (x86)/atmel/studio/7.0/toolchain/arm/arm-gnu-toolchain/bin/../lib/gcc/arm-none-eabi/6.3.1/thumb/v8-m.base/crti.o
 .ARM.attributes
                0x00000022       0x30 d:/program files (x86)/atmel/studio/7.0/toolchain/arm/arm-gnu-toolchain/bin/../lib/gcc/arm-none-eabi/6.3.1/thumb/v8-m.base/crtbegin.o
 .ARM.attributes
                0x00000052       0x32 atmel_start.o
 .ARM.attributes
                0x00000084       0x32 Device_Startup/startup_saml10d16a.o
 .ARM.attributes
                0x000000b6       0x32 driver_init.o
 .ARM.attributes
                0x000000e8       0x32 hal/src/hal_atomic.o
 .ARM.attributes
                0x0000011a       0x32 hal/src/hal_delay.o
 .ARM.attributes
                0x0000014c       0x32 hpl/core/hpl_core_m23_base.o
 .ARM.attributes
                0x0000017e       0x32 hpl/core/hpl_init.o
 .ARM.attributes
                0x000001b0       0x32 hpl/gclk/hpl_gclk.o
 .ARM.attributes
                0x000001e2       0x32 hpl/mclk/hpl_mclk.o
 .ARM.attributes
                0x00000214       0x32 hpl/osc32kctrl/hpl_osc32kctrl.o
 .ARM.attributes
                0x00000246       0x32 hpl/oscctrl/hpl_oscctrl.o
 .ARM.attributes
                0x00000278       0x32 hpl/pm/hpl_pm.o
 .ARM.attributes
                0x000002aa       0x32 main.o
 .ARM.attributes
                0x000002dc       0x30 d:/program files (x86)/atmel/studio/7.0/toolchain/arm/arm-gnu-toolchain/bin/../lib/gcc/arm-none-eabi/6.3.1/../../../../arm-none-eabi/lib/thumb/v8-m.base\libc_nano.a(lib_a-init.o)
 .ARM.attributes
                0x0000030c       0x22 d:/program files (x86)/atmel/studio/7.0/toolchain/arm/arm-gnu-toolchain/bin/../lib/gcc/arm-none-eabi/6.3.1/thumb/v8-m.base/crtn.o

.comment        0x00000000       0x59
 .comment       0x00000000       0x59 atmel_start.o
                                 0x5a (size before relaxing)
 .comment       0x00000059       0x5a Device_Startup/startup_saml10d16a.o
 .comment       0x00000059       0x5a driver_init.o
 .comment       0x00000059       0x5a hal/src/hal_atomic.o
 .comment       0x00000059       0x5a hal/src/hal_delay.o
 .comment       0x00000059       0x5a hpl/core/hpl_core_m23_base.o
 .comment       0x00000059       0x5a hpl/core/hpl_init.o
 .comment       0x00000059       0x5a hpl/gclk/hpl_gclk.o
 .comment       0x00000059       0x5a hpl/mclk/hpl_mclk.o
 .comment       0x00000059       0x5a hpl/osc32kctrl/hpl_osc32kctrl.o
 .comment       0x00000059       0x5a hpl/oscctrl/hpl_oscctrl.o
 .comment       0x00000059       0x5a hpl/pm/hpl_pm.o
 .comment       0x00000059       0x5a main.o

.debug_info     0x00000000     0x8772
 .debug_info    0x00000000       0xcf atmel_start.o
 .debug_info    0x000000cf      0x5f4 Device_Startup/startup_saml10d16a.o
 .debug_info    0x000006c3     0x2f9b driver_init.o
 .debug_info    0x0000365e      0x1d1 hal/src/hal_atomic.o
 .debug_info    0x0000382f      0x1dc hal/src/hal_delay.o
 .debug_info    0x00003a0b      0x8c3 hpl/core/hpl_core_m23_base.o
 .debug_info    0x000042ce      0xc29 hpl/core/hpl_init.o
 .debug_info    0x00004ef7      0x531 hpl/gclk/hpl_gclk.o
 .debug_info    0x00005428      0x6fa hpl/mclk/hpl_mclk.o
 .debug_info    0x00005b22      0x6d5 hpl/osc32kctrl/hpl_osc32kctrl.o
 .debug_info    0x000061f7      0xf09 hpl/oscctrl/hpl_oscctrl.o
 .debug_info    0x00007100      0x781 hpl/pm/hpl_pm.o
 .debug_info    0x00007881      0xef1 main.o

.debug_abbrev   0x00000000     0x16ec
 .debug_abbrev  0x00000000       0x84 atmel_start.o
 .debug_abbrev  0x00000084      0x14f Device_Startup/startup_saml10d16a.o
 .debug_abbrev  0x000001d3      0x287 driver_init.o
 .debug_abbrev  0x0000045a      0x144 hal/src/hal_atomic.o
 .debug_abbrev  0x0000059e       0xe1 hal/src/hal_delay.o
 .debug_abbrev  0x0000067f      0x2a8 hpl/core/hpl_core_m23_base.o
 .debug_abbrev  0x00000927      0x1d9 hpl/core/hpl_init.o
 .debug_abbrev  0x00000b00      0x184 hpl/gclk/hpl_gclk.o
 .debug_abbrev  0x00000c84      0x197 hpl/mclk/hpl_mclk.o
 .debug_abbrev  0x00000e1b      0x1e3 hpl/osc32kctrl/hpl_osc32kctrl.o
 .debug_abbrev  0x00000ffe      0x1ed hpl/oscctrl/hpl_oscctrl.o
 .debug_abbrev  0x000011eb      0x23f hpl/pm/hpl_pm.o
 .debug_abbrev  0x0000142a      0x2c2 main.o

.debug_loc      0x00000000     0x1e3f
 .debug_loc     0x00000000       0x20 atmel_start.o
 .debug_loc     0x00000020       0x40 Device_Startup/startup_saml10d16a.o
 .debug_loc     0x00000060     0x165d driver_init.o
 .debug_loc     0x000016bd       0x13 hal/src/hal_atomic.o
 .debug_loc     0x000016d0       0xc3 hal/src/hal_delay.o
 .debug_loc     0x00001793      0x1e3 hpl/core/hpl_core_m23_base.o
 .debug_loc     0x00001976       0x4c hpl/core/hpl_init.o
 .debug_loc     0x000019c2       0x71 hpl/gclk/hpl_gclk.o
 .debug_loc     0x00001a33       0x2c hpl/mclk/hpl_mclk.o
 .debug_loc     0x00001a5f       0x94 hpl/osc32kctrl/hpl_osc32kctrl.o
 .debug_loc     0x00001af3       0x30 hpl/oscctrl/hpl_oscctrl.o
 .debug_loc     0x00001b23      0x192 hpl/pm/hpl_pm.o
 .debug_loc     0x00001cb5      0x18a main.o

.debug_aranges  0x00000000      0x250
 .debug_aranges
                0x00000000       0x20 atmel_start.o
 .debug_aranges
                0x00000020       0x28 Device_Startup/startup_saml10d16a.o
 .debug_aranges
                0x00000048       0x20 driver_init.o
 .debug_aranges
                0x00000068       0x30 hal/src/hal_atomic.o
 .debug_aranges
                0x00000098       0x38 hal/src/hal_delay.o
 .debug_aranges
                0x000000d0       0x80 hpl/core/hpl_core_m23_base.o
 .debug_aranges
                0x00000150       0x20 hpl/core/hpl_init.o
 .debug_aranges
                0x00000170       0x28 hpl/gclk/hpl_gclk.o
 .debug_aranges
                0x00000198       0x20 hpl/mclk/hpl_mclk.o
 .debug_aranges
                0x000001b8       0x20 hpl/osc32kctrl/hpl_osc32kctrl.o
 .debug_aranges
                0x000001d8       0x28 hpl/oscctrl/hpl_oscctrl.o
 .debug_aranges
                0x00000200       0x30 hpl/pm/hpl_pm.o
 .debug_aranges
                0x00000230       0x20 main.o

.debug_ranges   0x00000000      0x1b0
 .debug_ranges  0x00000000       0x10 atmel_start.o
 .debug_ranges  0x00000010       0x18 Device_Startup/startup_saml10d16a.o
 .debug_ranges  0x00000028       0x10 driver_init.o
 .debug_ranges  0x00000038       0x20 hal/src/hal_atomic.o
 .debug_ranges  0x00000058       0x28 hal/src/hal_delay.o
 .debug_ranges  0x00000080       0x70 hpl/core/hpl_core_m23_base.o
 .debug_ranges  0x000000f0       0x10 hpl/core/hpl_init.o
 .debug_ranges  0x00000100       0x18 hpl/gclk/hpl_gclk.o
 .debug_ranges  0x00000118       0x10 hpl/mclk/hpl_mclk.o
 .debug_ranges  0x00000128       0x10 hpl/osc32kctrl/hpl_osc32kctrl.o
 .debug_ranges  0x00000138       0x30 hpl/oscctrl/hpl_oscctrl.o
 .debug_ranges  0x00000168       0x20 hpl/pm/hpl_pm.o
 .debug_ranges  0x00000188       0x28 main.o

.debug_macro    0x00000000    0x171ce
 .debug_macro   0x00000000      0x501 atmel_start.o
 .debug_macro   0x00000501      0x8b6 atmel_start.o
 .debug_macro   0x00000db7      0x16d atmel_start.o
 .debug_macro   0x00000f24       0x22 atmel_start.o
 .debug_macro   0x00000f46       0x87 atmel_start.o
 .debug_macro   0x00000fcd       0x51 atmel_start.o
 .debug_macro   0x0000101e       0xef atmel_start.o
 .debug_macro   0x0000110d       0x6a atmel_start.o
 .debug_macro   0x00001177      0x1df atmel_start.o
 .debug_macro   0x00001356       0x22 atmel_start.o
 .debug_macro   0x00001378       0xd7 atmel_start.o
 .debug_macro   0x0000144f       0x1c atmel_start.o
 .debug_macro   0x0000146b       0x22 atmel_start.o
 .debug_macro   0x0000148d       0xb5 atmel_start.o
 .debug_macro   0x00001542      0xa67 atmel_start.o
 .debug_macro   0x00001fa9       0x5e atmel_start.o
 .debug_macro   0x00002007      0x894 atmel_start.o
 .debug_macro   0x0000289b      0xb83 atmel_start.o
 .debug_macro   0x0000341e      0x3e0 atmel_start.o
 .debug_macro   0x000037fe      0x373 atmel_start.o
 .debug_macro   0x00003b71      0xf2c atmel_start.o
 .debug_macro   0x00004a9d      0x834 atmel_start.o
 .debug_macro   0x000052d1      0x814 atmel_start.o
 .debug_macro   0x00005ae5      0xbf2 atmel_start.o
 .debug_macro   0x000066d7      0x20d atmel_start.o
 .debug_macro   0x000068e4      0x2b1 atmel_start.o
 .debug_macro   0x00006b95       0x1c atmel_start.o
 .debug_macro   0x00006bb1      0x532 atmel_start.o
 .debug_macro   0x000070e3      0xfd0 atmel_start.o
 .debug_macro   0x000080b3      0x267 atmel_start.o
 .debug_macro   0x0000831a      0xb82 atmel_start.o
 .debug_macro   0x00008e9c      0x370 atmel_start.o
 .debug_macro   0x0000920c      0xe6d atmel_start.o
 .debug_macro   0x0000a079      0x292 atmel_start.o
 .debug_macro   0x0000a30b      0x5b7 atmel_start.o
 .debug_macro   0x0000a8c2       0x1c atmel_start.o
 .debug_macro   0x0000a8de       0x9a atmel_start.o
 .debug_macro   0x0000a978     0x231e atmel_start.o
 .debug_macro   0x0000cc96     0x15b1 atmel_start.o
 .debug_macro   0x0000e247      0x9c1 atmel_start.o
 .debug_macro   0x0000ec08      0xbee atmel_start.o
 .debug_macro   0x0000f7f6      0x2b4 atmel_start.o
 .debug_macro   0x0000faaa      0x13d atmel_start.o
 .debug_macro   0x0000fbe7      0x41d atmel_start.o
 .debug_macro   0x00010004       0x88 atmel_start.o
 .debug_macro   0x0001008c       0xb2 atmel_start.o
 .debug_macro   0x0001013e       0x46 atmel_start.o
 .debug_macro   0x00010184       0x5e atmel_start.o
 .debug_macro   0x000101e2       0xdc atmel_start.o
 .debug_macro   0x000102be       0xe8 atmel_start.o
 .debug_macro   0x000103a6       0x94 atmel_start.o
 .debug_macro   0x0001043a      0x2a2 atmel_start.o
 .debug_macro   0x000106dc       0x52 atmel_start.o
 .debug_macro   0x0001072e       0xf4 atmel_start.o
 .debug_macro   0x00010822       0x2e atmel_start.o
 .debug_macro   0x00010850       0x52 atmel_start.o
 .debug_macro   0x000108a2       0xe2 atmel_start.o
 .debug_macro   0x00010984       0x3a atmel_start.o
 .debug_macro   0x000109be       0xb8 atmel_start.o
 .debug_macro   0x00010a76       0x4c atmel_start.o
 .debug_macro   0x00010ac2       0x82 atmel_start.o
 .debug_macro   0x00010b44       0x46 atmel_start.o
 .debug_macro   0x00010b8a       0xb8 atmel_start.o
 .debug_macro   0x00010c42       0x34 atmel_start.o
 .debug_macro   0x00010c76       0x22 atmel_start.o
 .debug_macro   0x00010c98      0x14b atmel_start.o
 .debug_macro   0x00010de3      0x189 atmel_start.o
 .debug_macro   0x00010f6c      0x189 atmel_start.o
 .debug_macro   0x000110f5       0x58 atmel_start.o
 .debug_macro   0x0001114d      0x11f atmel_start.o
 .debug_macro   0x0001126c      0x11f atmel_start.o
 .debug_macro   0x0001138b      0x11f atmel_start.o
 .debug_macro   0x000114aa      0x209 atmel_start.o
 .debug_macro   0x000116b3       0x34 atmel_start.o
 .debug_macro   0x000116e7       0x40 atmel_start.o
 .debug_macro   0x00011727      0x353 atmel_start.o
 .debug_macro   0x00011a7a     0x1119 atmel_start.o
 .debug_macro   0x00012b93      0x31b atmel_start.o
 .debug_macro   0x00012eae       0x10 atmel_start.o
 .debug_macro   0x00012ebe       0x10 atmel_start.o
 .debug_macro   0x00012ece       0x16 atmel_start.o
 .debug_macro   0x00012ee4       0x16 atmel_start.o
 .debug_macro   0x00012efa       0x16 atmel_start.o
 .debug_macro   0x00012f10       0x16 atmel_start.o
 .debug_macro   0x00012f26       0x16 atmel_start.o
 .debug_macro   0x00012f3c       0x16 atmel_start.o
 .debug_macro   0x00012f52       0x16 atmel_start.o
 .debug_macro   0x00012f68       0x16 atmel_start.o
 .debug_macro   0x00012f7e       0x16 atmel_start.o
 .debug_macro   0x00012f94       0x16 atmel_start.o
 .debug_macro   0x00012faa       0x16 atmel_start.o
 .debug_macro   0x00012fc0       0x16 atmel_start.o
 .debug_macro   0x00012fd6       0x16 atmel_start.o
 .debug_macro   0x00012fec       0x16 atmel_start.o
 .debug_macro   0x00013002       0x16 atmel_start.o
 .debug_macro   0x00013018       0x16 atmel_start.o
 .debug_macro   0x0001302e       0x16 atmel_start.o
 .debug_macro   0x00013044       0x16 atmel_start.o
 .debug_macro   0x0001305a       0x16 atmel_start.o
 .debug_macro   0x00013070       0x16 atmel_start.o
 .debug_macro   0x00013086       0x16 atmel_start.o
 .debug_macro   0x0001309c       0x16 atmel_start.o
 .debug_macro   0x000130b2       0x16 atmel_start.o
 .debug_macro   0x000130c8       0x16 atmel_start.o
 .debug_macro   0x000130de       0x16 atmel_start.o
 .debug_macro   0x000130f4       0xca atmel_start.o
 .debug_macro   0x000131be       0x1c atmel_start.o
 .debug_macro   0x000131da       0x16 atmel_start.o
 .debug_macro   0x000131f0       0x74 atmel_start.o
 .debug_macro   0x00013264       0xa0 atmel_start.o
 .debug_macro   0x00013304      0x31a Device_Startup/startup_saml10d16a.o
 .debug_macro   0x0001361e       0xd1 Device_Startup/startup_saml10d16a.o
 .debug_macro   0x000136ef      0x509 driver_init.o
 .debug_macro   0x00013bf8       0x10 driver_init.o
 .debug_macro   0x00013c08       0xc9 driver_init.o
 .debug_macro   0x00013cd1      0x460 hal/src/hal_atomic.o
 .debug_macro   0x00014131      0x492 hal/src/hal_delay.o
 .debug_macro   0x000145c3      0x4b7 hpl/core/hpl_core_m23_base.o
 .debug_macro   0x00014a7a      0x4d9 hpl/core/hpl_init.o
 .debug_macro   0x00014f53       0x22 hpl/core/hpl_init.o
 .debug_macro   0x00014f75      0x3f2 hpl/core/hpl_init.o
 .debug_macro   0x00015367      0x47c hpl/gclk/hpl_gclk.o
 .debug_macro   0x000157e3      0x137 hpl/gclk/hpl_gclk.o
 .debug_macro   0x0001591a      0x472 hpl/mclk/hpl_mclk.o
 .debug_macro   0x00015d8c      0x46d hpl/osc32kctrl/hpl_osc32kctrl.o
 .debug_macro   0x000161f9       0x80 hpl/osc32kctrl/hpl_osc32kctrl.o
 .debug_macro   0x00016279      0x485 hpl/oscctrl/hpl_oscctrl.o
 .debug_macro   0x000166fe      0x145 hpl/oscctrl/hpl_oscctrl.o
 .debug_macro   0x00016843      0x478 hpl/pm/hpl_pm.o
 .debug_macro   0x00016cbb      0x513 main.o

.debug_line     0x00000000     0x7fcd
 .debug_line    0x00000000      0xa44 atmel_start.o
 .debug_line    0x00000a44      0x6f3 Device_Startup/startup_saml10d16a.o
 .debug_line    0x00001137      0xb97 driver_init.o
 .debug_line    0x00001cce      0x97e hal/src/hal_atomic.o
 .debug_line    0x0000264c      0x9ab hal/src/hal_delay.o
 .debug_line    0x00002ff7      0xb1b hpl/core/hpl_core_m23_base.o
 .debug_line    0x00003b12      0xa28 hpl/core/hpl_init.o
 .debug_line    0x0000453a      0x999 hpl/gclk/hpl_gclk.o
 .debug_line    0x00004ed3      0x970 hpl/mclk/hpl_mclk.o
 .debug_line    0x00005843      0x985 hpl/osc32kctrl/hpl_osc32kctrl.o
 .debug_line    0x000061c8      0x9d4 hpl/oscctrl/hpl_oscctrl.o
 .debug_line    0x00006b9c      0x9ba hpl/pm/hpl_pm.o
 .debug_line    0x00007556      0xa77 main.o

.debug_str      0x00000000    0x7fb82
 .debug_str     0x00000000    0x7bd33 atmel_start.o
                              0x7c251 (size before relaxing)
 .debug_str     0x0007bd33      0x4f5 Device_Startup/startup_saml10d16a.o
                              0x7ae9b (size before relaxing)
 .debug_str     0x0007c228      0x9fb driver_init.o
                              0x7ccab (size before relaxing)
 .debug_str     0x0007cc23       0xbe hal/src/hal_atomic.o
                              0x7b9e9 (size before relaxing)
 .debug_str     0x0007cce1       0xa6 hal/src/hal_delay.o
                              0x7ba53 (size before relaxing)
 .debug_str     0x0007cd87      0x443 hpl/core/hpl_core_m23_base.o
                              0x7c443 (size before relaxing)
 .debug_str     0x0007d1ca     0x10d5 hpl/core/hpl_init.o
                              0x7d066 (size before relaxing)
 .debug_str     0x0007e29f      0x633 hpl/gclk/hpl_gclk.o
                              0x7c069 (size before relaxing)
 .debug_str     0x0007e8d2      0x1f8 hpl/mclk/hpl_mclk.o
                              0x7bc48 (size before relaxing)
 .debug_str     0x0007eaca      0x46d hpl/osc32kctrl/hpl_osc32kctrl.o
                              0x7be50 (size before relaxing)
 .debug_str     0x0007ef37      0x8ae hpl/oscctrl/hpl_oscctrl.o
                              0x7c3f1 (size before relaxing)
 .debug_str     0x0007f7e5      0x290 hpl/pm/hpl_pm.o
                              0x7bcab (size before relaxing)
 .debug_str     0x0007fa75      0x10d main.o
                              0x7c6dd (size before relaxing)

.debug_frame    0x00000000      0x388
 .debug_frame   0x00000000       0x28 atmel_start.o
 .debug_frame   0x00000028       0x38 Device_Startup/startup_saml10d16a.o
 .debug_frame   0x00000060       0x30 driver_init.o
 .debug_frame   0x00000090       0x40 hal/src/hal_atomic.o
 .debug_frame   0x000000d0       0x68 hal/src/hal_delay.o
 .debug_frame   0x00000138       0xec hpl/core/hpl_core_m23_base.o
 .debug_frame   0x00000224       0x28 hpl/core/hpl_init.o
 .debug_frame   0x0000024c       0x30 hpl/gclk/hpl_gclk.o
 .debug_frame   0x0000027c       0x20 hpl/mclk/hpl_mclk.o
 .debug_frame   0x0000029c       0x20 hpl/osc32kctrl/hpl_osc32kctrl.o
 .debug_frame   0x000002bc       0x30 hpl/oscctrl/hpl_oscctrl.o
 .debug_frame   0x000002ec       0x40 hpl/pm/hpl_pm.o
 .debug_frame   0x0000032c       0x30 main.o
 .debug_frame   0x0000035c       0x2c d:/program files (x86)/atmel/studio/7.0/toolchain/arm/arm-gnu-toolchain/bin/../lib/gcc/arm-none-eabi/6.3.1/../../../../arm-none-eabi/lib/thumb/v8-m.base\libc_nano.a(lib_a-init.o)
