core_cm3.h:1480:22:__NVIC_SetPriorityGrouping	24	static
stm32f1xx_ll_rcc.h:840:22:LL_RCC_HSI_Enable	4	static
stm32f1xx_ll_rcc.h:860:26:LL_RCC_HSI_IsReady	4	static
stm32f1xx_ll_rcc.h:886:22:LL_RCC_HSI_SetCalibTrimming	16	static
stm32f1xx_ll_rcc.h:1014:22:LL_RCC_SetSysClkSource	16	static
stm32f1xx_ll_rcc.h:1027:26:LL_RCC_GetSysClkSource	4	static
stm32f1xx_ll_rcc.h:1047:22:LL_RCC_SetAHBPrescaler	16	static
stm32f1xx_ll_rcc.h:1063:22:LL_RCC_SetAPB1Prescaler	16	static
stm32f1xx_ll_rcc.h:1079:22:LL_RCC_SetAPB2Prescaler	16	static
stm32f1xx_ll_bus.h:447:22:LL_APB1_GRP1_EnableClock	24	static
stm32f1xx_ll_bus.h:763:22:LL_APB2_GRP1_EnableClock	24	static
stm32f1xx_ll_system.h:470:22:LL_FLASH_SetLatency	16	static
stm32f1xx_ll_system.h:483:26:LL_FLASH_GetLatency	4	static
stm32f1xx_ll_gpio.h:804:22:LL_GPIO_SetOutputPin	16	static
stm32f1xx_ll_gpio.h:833:22:LL_GPIO_ResetOutputPin	16	static
stm32f1xx_ll_gpio.h:1565:22:LL_GPIO_AF_Remap_SWJ_NOJTAG	4	static
main.c:64:5:main	8	static
main.c:122:6:SystemClock_Config	8	static
main.c:155:13:MX_GPIO_Init	32	static
main.c:183:6:Error_Handler	4	static,ignoring_inline_asm
