23:11:02 **** Incremental Build of configuration Debug for project 001_Disco_But_LED ****
make -j8 all 
arm-none-eabi-gcc "../Core/Src/main.c" -mcpu=cortex-m4 -std=gnu11 -g3 -DDEBUG -DUSE_HAL_DRIVER -DSTM32F303xC -c -I../Core/Inc -I../Drivers/STM32F3xx_HAL_Driver/Inc -I../Drivers/STM32F3xx_HAL_Driver/Inc/Legacy -I../Drivers/CMSIS/Device/ST/STM32F3xx/Include -I../Drivers/CMSIS/Include -O0 -ffunction-sections -fdata-sections -Wall -fstack-usage -MMD -MP -MF"Core/Src/main.d" -MT"Core/Src/main.o" --specs=nano.specs -mfpu=fpv4-sp-d16 -mfloat-abi=hard -mthumb -o "Core/Src/main.o"
arm-none-eabi-gcc -o "001_Disco_But_LED.elf" @"objects.list"   -mcpu=cortex-m4 -T"D:\GitHub\EmbedSoftProjects\Proj_STM32F3DISCOVERY\001_Disco_But_LED\STM32F303VCTX_FLASH.ld" --specs=nosys.specs -Wl,-Map="001_Disco_But_LED.map" -Wl,--gc-sections -static --specs=nano.specs -mfpu=fpv4-sp-d16 -mfloat-abi=hard -mthumb -Wl,--start-group -lc -lm -Wl,--end-group
Finished building target: 001_Disco_But_LED.elf
 
arm-none-eabi-size   001_Disco_But_LED.elf 
arm-none-eabi-objdump -h -S  001_Disco_But_LED.elf  > "001_Disco_But_LED.list"
arm-none-eabi-objcopy  -O binary  001_Disco_But_LED.elf  "001_Disco_But_LED.bin"
   text	   data	    bss	    dec	    hex	filename
  10700	     20	   2492	  13212	   339c	001_Disco_But_LED.elf
Finished building: default.size.stdout
 
Finished building: 001_Disco_But_LED.bin
 
Finished building: 001_Disco_But_LED.list
 

23:11:03 Build Finished. 0 errors, 0 warnings. (took 849ms)

