20:47:52 **** Incremental Build of configuration Debug for project 002_Disco_Bare_BitShift_LED ****
make -j8 all 
arm-none-eabi-gcc "../Src/main.c" -mcpu=cortex-m4 -std=gnu11 -g3 -DDEBUG -DSTM32F303VCTx -DSTM32 -DSTM32F3 -DSTM32F3DISCOVERY -c -I../Inc -O0 -ffunction-sections -fdata-sections -Wall -fstack-usage -MMD -MP -MF"Src/main.d" -MT"Src/main.o" --specs=nano.specs -mfloat-abi=soft -mthumb -o "Src/main.o"
arm-none-eabi-gcc -o "002_Disco_Bare_BitShift_LED.elf" @"objects.list"   -mcpu=cortex-m4 -T"D:\GitHub\EmbedSoftProjects\Proj_STM32F3DISCOVERY\002_Disco_Bare_BitShift_LED\STM32F303VCTX_FLASH.ld" --specs=nosys.specs -Wl,-Map="002_Disco_Bare_BitShift_LED.map" -Wl,--gc-sections -static --specs=nano.specs -mfloat-abi=soft -mthumb -Wl,--start-group -lc -lm -Wl,--end-group
Finished building target: 002_Disco_Bare_BitShift_LED.elf
 
arm-none-eabi-size   002_Disco_Bare_BitShift_LED.elf 
arm-none-eabi-objdump -h -S  002_Disco_Bare_BitShift_LED.elf  > "002_Disco_Bare_BitShift_LED.list"
arm-none-eabi-objcopy  -O binary  002_Disco_Bare_BitShift_LED.elf  "002_Disco_Bare_BitShift_LED.bin"
   text	   data	    bss	    dec	    hex	filename
    740	      8	   1568	   2316	    90c	002_Disco_Bare_BitShift_LED.elf
Finished building: default.size.stdout
 
Finished building: 002_Disco_Bare_BitShift_LED.bin
Finished building: 002_Disco_Bare_BitShift_LED.list
 
 

20:47:52 Build Finished. 0 errors, 0 warnings. (took 417ms)

