21:10:46 **** Incremental Build of configuration Debug for project 016_NucEmbedHelloWorld ****
make -j8 all 
arm-none-eabi-gcc "../Src/main.c" -mcpu=cortex-m4 -std=gnu11 -g3 -DDEBUG -DSTM32 -DSTM32F4 -DSTM32F446RETx -DNUCLEO_F446RE -c -I../Inc -O0 -ffunction-sections -fdata-sections -Wall -fstack-usage -MMD -MP -MF"Src/main.d" -MT"Src/main.o" --specs=nano.specs -mfloat-abi=soft -mthumb -o "Src/main.o"
arm-none-eabi-gcc -o "016_NucEmbedHelloWorld.elf" @"objects.list"   -mcpu=cortex-m4 -T"D:\GitHub\EmbedSoftProjects\Proj_NUCLEO-F446RE\016_NucEmbedHelloWorld\STM32F446RETX_FLASH.ld" --specs=nosys.specs -Wl,-Map="016_NucEmbedHelloWorld.map" -Wl,--gc-sections -static --specs=nano.specs -mfloat-abi=soft -mthumb -Wl,--start-group -lc -lm -Wl,--end-group
Finished building target: 016_NucEmbedHelloWorld.elf
 
arm-none-eabi-size   016_NucEmbedHelloWorld.elf 
arm-none-eabi-objdump -h -S  016_NucEmbedHelloWorld.elf  > "016_NucEmbedHelloWorld.list"
arm-none-eabi-objcopy  -O binary  016_NucEmbedHelloWorld.elf  "016_NucEmbedHelloWorld.bin"
   text	   data	    bss	    dec	    hex	filename
   3784	    108	   1596	   5488	   1570	016_NucEmbedHelloWorld.elf
Finished building: default.size.stdout
 
Finished building: 016_NucEmbedHelloWorld.list
 
Finished building: 016_NucEmbedHelloWorld.bin
 

21:10:48 Build Finished. 0 errors, 0 warnings. (took 1s.604ms)

