15:55:53 **** Incremental Build of configuration Debug for project NucleoF446re_LED_ON ****
make -j8 all 
arm-none-eabi-size   NucleoF446re_LED_ON.elf 
   text	   data	    bss	    dec	    hex	filename
    844	      8	   1568	   2420	    974	NucleoF446re_LED_ON.elf
Finished building: default.size.stdout
 
15:56:00 **** Incremental Build of configuration Debug for project NucleoF446re_LED_ON ****
make -j8 all 
arm-none-eabi-size   NucleoF446re_LED_ON.elf 
   text	   data	    bss	    dec	    hex	filename
    844	      8	   1568	   2420	    974	NucleoF446re_LED_ON.elf
Finished building: default.size.stdout
 
15:56:00 **** Incremental Build of configuration Debug for project NucleoF446re_LED_ON ****
make -j8 all 
arm-none-eabi-size   NucleoF446re_LED_ON.elf 
   text	   data	    bss	    dec	    hex	filename
    844	      8	   1568	   2420	    974	NucleoF446re_LED_ON.elf
Finished building: default.size.stdout
 
15:56:17 **** Incremental Build of configuration Debug for project NucleoF446re_LED_ON ****
make -j8 all 
arm-none-eabi-size   NucleoF446re_LED_ON.elf 
   text	   data	    bss	    dec	    hex	filename
    844	      8	   1568	   2420	    974	NucleoF446re_LED_ON.elf
Finished building: default.size.stdout
 
15:57:57 **** Incremental Build of configuration Debug for project NucleoF446RE_ButRead ****
make -j8 all 
arm-none-eabi-size   NucleoF446RE_ButRead.elf 
   text	   data	    bss	    dec	    hex	filename
    852	      8	   1568	   2428	    97c	NucleoF446RE_ButRead.elf
Finished building: default.size.stdout
 
