14:18:29 **** Incremental Build of configuration Debug for project NucleoF446re_LED_ON ****
make -j8 all 
arm-none-eabi-gcc "../Src/main.c" -mcpu=cortex-m4 -std=gnu11 -g3 -DSTM32 -DSTM32F4 -DSTM32F446RETx -DDEBUG -c -I../Inc -O0 -ffunction-sections -fdata-sections -Wall -fstack-usage -MMD -MP -MF"Src/main.d" -MT"Src/main.o" --specs=nano.specs -mfpu=fpv4-sp-d16 -mfloat-abi=hard -mthumb -o "Src/main.o"
../Src/main.c:24:4: warning: #warning "FPU is not initialized, but the project is compiling for an FPU. Please initialize the FPU before use." [-Wcpp]
   24 |   #warning "FPU is not initialized, but the project is compiling for an FPU. Please initialize the FPU before use."
      |    ^~~~~~~
../Src/main.c: In function 'main':
../Src/main.c:51:4: warning: this 'for' clause does not guard... [-Wmisleading-indentation]
   51 |    for(uint32_t i=0; i<500000; i++);
      |    ^~~
../Src/main.c:52:5: note: ...this statement, but the latter is misleadingly indented as if it were guarded by the 'for'
   52 |     *pPortAOutReg |=(1<<5);
      |     ^
arm-none-eabi-gcc -o "NucleoF446re_LED_ON.elf" @"objects.list"   -mcpu=cortex-m4 -T"D:\GitHub\EmbedSoftProjects\Proj_NUCLEO-F446RE\NucleoF446re_LED_ON\STM32F446RETX_FLASH.ld" --specs=nosys.specs -Wl,-Map="NucleoF446re_LED_ON.map" -Wl,--gc-sections -static --specs=nano.specs -mfpu=fpv4-sp-d16 -mfloat-abi=hard -mthumb -Wl,--start-group -lc -lm -Wl,--end-group
Finished building target: NucleoF446re_LED_ON.elf
 
arm-none-eabi-size   NucleoF446re_LED_ON.elf 
arm-none-eabi-objdump -h -S  NucleoF446re_LED_ON.elf  > "NucleoF446re_LED_ON.list"
arm-none-eabi-objcopy  -O binary  NucleoF446re_LED_ON.elf  "NucleoF446re_LED_ON.bin"
   text	   data	    bss	    dec	    hex	filename
    844	      8	   1568	   2420	    974	NucleoF446re_LED_ON.elf
Finished building: default.size.stdout
 
Finished building: NucleoF446re_LED_ON.bin
Finished building: NucleoF446re_LED_ON.list
 
 

14:18:30 Build Finished. 0 errors, 2 warnings. (took 408ms)

