16:38:42 **** Incremental Build of configuration Debug for project NucleoF446re_PinRead ****
make -j8 all 
arm-none-eabi-gcc "../Src/main.c" -mcpu=cortex-m4 -std=gnu11 -g3 -DSTM32 -DSTM32F4 -DSTM32F446RETx -DDEBUG -DNUCLEO_F446RE -c -I../Inc -O0 -ffunction-sections -fdata-sections -Wall -fstack-usage -MMD -MP -MF"Src/main.d" -MT"Src/main.o" --specs=nano.specs -mfpu=fpv4-sp-d16 -mfloat-abi=hard -mthumb -o "Src/main.o"
../Src/main.c:26:4: warning: #warning "FPU is not initialized, but the project is compiling for an FPU. Please initialize the FPU before use." [-Wcpp]
   26 |   #warning "FPU is not initialized, but the project is compiling for an FPU. Please initialize the FPU before use."
      |    ^~~~~~~
arm-none-eabi-gcc -o "NucleoF446re_PinRead.elf" @"objects.list"   -mcpu=cortex-m4 -T"D:\GitHub\EmbedSoftProjects\Proj_NUCLEO-F446RE\NucleoF446re_PinRead\STM32F446RETX_FLASH.ld" --specs=nosys.specs -Wl,-Map="NucleoF446re_PinRead.map" -Wl,--gc-sections -static --specs=nano.specs -mfpu=fpv4-sp-d16 -mfloat-abi=hard -mthumb -Wl,--start-group -lc -lm -Wl,--end-group
Finished building target: NucleoF446re_PinRead.elf
 
arm-none-eabi-size   NucleoF446re_PinRead.elf 
arm-none-eabi-objdump -h -S  NucleoF446re_PinRead.elf  > "NucleoF446re_PinRead.list"
arm-none-eabi-objcopy  -O binary  NucleoF446re_PinRead.elf  "NucleoF446re_PinRead.bin"
   text	   data	    bss	    dec	    hex	filename
    892	      8	   1568	   2468	    9a4	NucleoF446re_PinRead.elf
Finished building: default.size.stdout
 
Finished building: NucleoF446re_PinRead.bin
Finished building: NucleoF446re_PinRead.list
 
 

16:38:42 Build Finished. 0 errors, 1 warnings. (took 414ms)

