20:15:10 **** Build of configuration Debug for project oled ****
make -j8 all 
arm-none-eabi-gcc -mcpu=cortex-m3 -g3 -c -x assembler-with-cpp -MMD -MP -MF"startup/startup_stm32f103xb.d" -MT"startup/startup_stm32f103xb.o" --specs=nano.specs -mfloat-abi=soft -mthumb -o "startup/startup_stm32f103xb.o" "../startup/startup_stm32f103xb.s"
arm-none-eabi-gcc "../Src/fonts.c" -mcpu=cortex-m3 -std=gnu11 -g3 '-D__weak=__attribute__((weak))' '-D__packed="__attribute__((__packed__))"' -DUSE_HAL_DRIVER -DSTM32F103xB -c -I../Inc -I../Drivers/STM32F1xx_HAL_Driver/Inc -I../Drivers/STM32F1xx_HAL_Driver/Inc/Legacy -I../Drivers/CMSIS/Device/ST/STM32F1xx/Include -I../Drivers/CMSIS/Include -Og -ffunction-sections -Wall -fstack-usage -MMD -MP -MF"Src/fonts.d" -MT"Src/fonts.o" --specs=nano.specs -mfloat-abi=soft -mthumb -o "Src/fonts.o"
arm-none-eabi-gcc "../Src/main.c" -mcpu=cortex-m3 -std=gnu11 -g3 '-D__weak=__attribute__((weak))' '-D__packed="__attribute__((__packed__))"' -DUSE_HAL_DRIVER -DSTM32F103xB -c -I../Inc -I../Drivers/STM32F1xx_HAL_Driver/Inc -I../Drivers/STM32F1xx_HAL_Driver/Inc/Legacy -I../Drivers/CMSIS/Device/ST/STM32F1xx/Include -I../Drivers/CMSIS/Include -Og -ffunction-sections -Wall -fstack-usage -MMD -MP -MF"Src/main.d" -MT"Src/main.o" --specs=nano.specs -mfloat-abi=soft -mthumb -o "Src/main.o"
arm-none-eabi-gcc "../Src/ssd1306.c" -mcpu=cortex-m3 -std=gnu11 -g3 '-D__weak=__attribute__((weak))' '-D__packed="__attribute__((__packed__))"' -DUSE_HAL_DRIVER -DSTM32F103xB -c -I../Inc -I../Drivers/STM32F1xx_HAL_Driver/Inc -I../Drivers/STM32F1xx_HAL_Driver/Inc/Legacy -I../Drivers/CMSIS/Device/ST/STM32F1xx/Include -I../Drivers/CMSIS/Include -Og -ffunction-sections -Wall -fstack-usage -MMD -MP -MF"Src/ssd1306.d" -MT"Src/ssd1306.o" --specs=nano.specs -mfloat-abi=soft -mthumb -o "Src/ssd1306.o"
arm-none-eabi-gcc "../Src/stm32f1xx_hal_msp.c" -mcpu=cortex-m3 -std=gnu11 -g3 '-D__weak=__attribute__((weak))' '-D__packed="__attribute__((__packed__))"' -DUSE_HAL_DRIVER -DSTM32F103xB -c -I../Inc -I../Drivers/STM32F1xx_HAL_Driver/Inc -I../Drivers/STM32F1xx_HAL_Driver/Inc/Legacy -I../Drivers/CMSIS/Device/ST/STM32F1xx/Include -I../Drivers/CMSIS/Include -Og -ffunction-sections -Wall -fstack-usage -MMD -MP -MF"Src/stm32f1xx_hal_msp.d" -MT"Src/stm32f1xx_hal_msp.o" --specs=nano.specs -mfloat-abi=soft -mthumb -o "Src/stm32f1xx_hal_msp.o"
arm-none-eabi-gcc "../Src/stm32f1xx_it.c" -mcpu=cortex-m3 -std=gnu11 -g3 '-D__weak=__attribute__((weak))' '-D__packed="__attribute__((__packed__))"' -DUSE_HAL_DRIVER -DSTM32F103xB -c -I../Inc -I../Drivers/STM32F1xx_HAL_Driver/Inc -I../Drivers/STM32F1xx_HAL_Driver/Inc/Legacy -I../Drivers/CMSIS/Device/ST/STM32F1xx/Include -I../Drivers/CMSIS/Include -Og -ffunction-sections -Wall -fstack-usage -MMD -MP -MF"Src/stm32f1xx_it.d" -MT"Src/stm32f1xx_it.o" --specs=nano.specs -mfloat-abi=soft -mthumb -o "Src/stm32f1xx_it.o"
arm-none-eabi-gcc "../Src/syscalls.c" -mcpu=cortex-m3 -std=gnu11 -g3 '-D__weak=__attribute__((weak))' '-D__packed="__attribute__((__packed__))"' -DUSE_HAL_DRIVER -DSTM32F103xB -c -I../Inc -I../Drivers/STM32F1xx_HAL_Driver/Inc -I../Drivers/STM32F1xx_HAL_Driver/Inc/Legacy -I../Drivers/CMSIS/Device/ST/STM32F1xx/Include -I../Drivers/CMSIS/Include -Og -ffunction-sections -Wall -fstack-usage -MMD -MP -MF"Src/syscalls.d" -MT"Src/syscalls.o" --specs=nano.specs -mfloat-abi=soft -mthumb -o "Src/syscalls.o"
arm-none-eabi-gcc "../Src/system_stm32f1xx.c" -mcpu=cortex-m3 -std=gnu11 -g3 '-D__weak=__attribute__((weak))' '-D__packed="__attribute__((__packed__))"' -DUSE_HAL_DRIVER -DSTM32F103xB -c -I../Inc -I../Drivers/STM32F1xx_HAL_Driver/Inc -I../Drivers/STM32F1xx_HAL_Driver/Inc/Legacy -I../Drivers/CMSIS/Device/ST/STM32F1xx/Include -I../Drivers/CMSIS/Include -Og -ffunction-sections -Wall -fstack-usage -MMD -MP -MF"Src/system_stm32f1xx.d" -MT"Src/system_stm32f1xx.o" --specs=nano.specs -mfloat-abi=soft -mthumb -o "Src/system_stm32f1xx.o"
In file included from ../Src/fonts.c:19:
../Inc/fonts.h:41:10: fatal error: stm32f1xx_hal.h: No such file or directory
   41 | #include "stm32f1xx_hal.h"
      |          ^~~~~~~~~~~~~~~~~
compilation terminated.
In file included from ../Src/stm32f1xx_it.c:22:
../Inc/main.h:31:10: fatal error: stm32f1xx_hal.h: No such file or directory
   31 | #include "stm32f1xx_hal.h"
      |          ^~~~~~~~~~~~~~~~~
compilation terminated.
In file included from ../Src/stm32f1xx_hal_msp.c:23:
../Inc/main.h:31:10: fatal error: stm32f1xx_hal.h: No such file or directory
   31 | #include "stm32f1xx_hal.h"
      |          ^~~~~~~~~~~~~~~~~
compilation terminated.
In file included from ../Src/ssd1306.c:23:
../Inc/ssd1306.h:48:10: fatal error: stm32f1xx_hal.h: No such file or directory
   48 | #include "stm32f1xx_hal.h"
      |          ^~~~~~~~~~~~~~~~~
compilation terminated.
In file included from ../Src/main.c:22:
../Inc/main.h:31:10: fatal error: stm32f1xx_hal.h: No such file or directory
   31 | #include "stm32f1xx_hal.h"
      |          ^~~~~~~~~~~~~~~~~
compilation terminated.
make: *** [Src/subdir.mk:40: Src/fonts.o] Error 1
make: *** Waiting for unfinished jobs....
make: *** [Src/subdir.mk:40: Src/stm32f1xx_hal_msp.o] Error 1
make: *** [Src/subdir.mk:40: Src/stm32f1xx_it.o] Error 1
make: *** [Src/subdir.mk:40: Src/ssd1306.o] Error 1
../Src/system_stm32f1xx.c:77:10: fatal error: stm32f1xx.h: No such file or directory
   77 | #include "stm32f1xx.h"
      |          ^~~~~~~~~~~~~
compilation terminated.
make: *** [Src/subdir.mk:40: Src/main.o] Error 1
make: *** [Src/subdir.mk:40: Src/system_stm32f1xx.o] Error 1
"make -j8 all" terminated with exit code 2. Build might be incomplete.
21:44:12 **** Build of configuration Debug for project 001_BlPi_Bare_LED_On_Off ****
make -j8 all 
arm-none-eabi-gcc -mcpu=cortex-m3 -g3 -DDEBUG -c -x assembler-with-cpp -MMD -MP -MF"Startup/startup_stm32f103c8tx.d" -MT"Startup/startup_stm32f103c8tx.o" --specs=nano.specs -mfloat-abi=soft -mthumb -o "Startup/startup_stm32f103c8tx.o" "../Startup/startup_stm32f103c8tx.s"
arm-none-eabi-gcc "../Src/main.c" -mcpu=cortex-m3 -std=gnu11 -g3 -DDEBUG -DSTM32 -DSTM32F1 -DSTM32F103C8Tx -c -I../Inc -O0 -ffunction-sections -fdata-sections -Wall -fstack-usage -MMD -MP -MF"Src/main.d" -MT"Src/main.o" --specs=nano.specs -mfloat-abi=soft -mthumb -o "Src/main.o"
arm-none-eabi-gcc "../Src/syscalls.c" -mcpu=cortex-m3 -std=gnu11 -g3 -DDEBUG -DSTM32 -DSTM32F1 -DSTM32F103C8Tx -c -I../Inc -O0 -ffunction-sections -fdata-sections -Wall -fstack-usage -MMD -MP -MF"Src/syscalls.d" -MT"Src/syscalls.o" --specs=nano.specs -mfloat-abi=soft -mthumb -o "Src/syscalls.o"
arm-none-eabi-gcc "../Src/sysmem.c" -mcpu=cortex-m3 -std=gnu11 -g3 -DDEBUG -DSTM32 -DSTM32F1 -DSTM32F103C8Tx -c -I../Inc -O0 -ffunction-sections -fdata-sections -Wall -fstack-usage -MMD -MP -MF"Src/sysmem.d" -MT"Src/sysmem.o" --specs=nano.specs -mfloat-abi=soft -mthumb -o "Src/sysmem.o"
arm-none-eabi-gcc -o "001_BlPi_Bare_LED_On_Off.elf" @"objects.list"   -mcpu=cortex-m3 -T"D:\GitHub\SoftEduProjects\Proj_BluePill\001_BlPi_Bare_LED_On_Off\STM32F103C8TX_FLASH.ld" --specs=nosys.specs -Wl,-Map="001_BlPi_Bare_LED_On_Off.map" -Wl,--gc-sections -static --specs=nano.specs -mfloat-abi=soft -mthumb -Wl,--start-group -lc -lm -Wl,--end-group
Finished building target: 001_BlPi_Bare_LED_On_Off.elf
 
arm-none-eabi-size   001_BlPi_Bare_LED_On_Off.elf 
arm-none-eabi-objdump -h -S  001_BlPi_Bare_LED_On_Off.elf  > "001_BlPi_Bare_LED_On_Off.list"
arm-none-eabi-objcopy  -O binary  001_BlPi_Bare_LED_On_Off.elf  "001_BlPi_Bare_LED_On_Off.bin"
   text	   data	    bss	    dec	    hex	filename
    556	      8	   1568	   2132	    854	001_BlPi_Bare_LED_On_Off.elf
Finished building: default.size.stdout
 
Finished building: 001_BlPi_Bare_LED_On_Off.bin
Finished building: 001_BlPi_Bare_LED_On_Off.list
 
 
21:45:17 **** Incremental Build of configuration Debug for project 001_BlPi_Bare_LED_On_Off ****
make -j8 all 
arm-none-eabi-gcc "../Src/main.c" -mcpu=cortex-m3 -std=gnu11 -g3 -DDEBUG -DSTM32 -DSTM32F1 -DSTM32F103C8Tx -c -I../Inc -O0 -ffunction-sections -fdata-sections -Wall -fstack-usage -MMD -MP -MF"Src/main.d" -MT"Src/main.o" --specs=nano.specs -mfloat-abi=soft -mthumb -o "Src/main.o"
../Src/main.c: In function 'main':
../Src/main.c:39:5: warning: statement with no effect [-Wunused-value]
   39 |     *modereg $=0xff0fffff;
      |     ^~~~~~~~
../Src/main.c:39:13: error: expected ';' before '$'
   39 |     *modereg $=0xff0fffff;
      |             ^~
      |             ;
../Src/main.c:43:25: error: expected ';' before '}' token
   43 |     *outreg |=0x00002000
      |                         ^
      |                         ;
......
   46 | }
      | ~                        
make: *** [Src/subdir.mk:25: Src/main.o] Error 1
"make -j8 all" terminated with exit code 2. Build might be incomplete.
21:45:41 **** Incremental Build of configuration Debug for project 001_BlPi_Bare_LED_On_Off ****
make -j8 all 
arm-none-eabi-gcc "../Src/main.c" -mcpu=cortex-m3 -std=gnu11 -g3 -DDEBUG -DSTM32 -DSTM32F1 -DSTM32F103C8Tx -c -I../Inc -O0 -ffunction-sections -fdata-sections -Wall -fstack-usage -MMD -MP -MF"Src/main.d" -MT"Src/main.o" --specs=nano.specs -mfloat-abi=soft -mthumb -o "Src/main.o"
arm-none-eabi-gcc -o "001_BlPi_Bare_LED_On_Off.elf" @"objects.list"   -mcpu=cortex-m3 -T"D:\GitHub\SoftEduProjects\Proj_BluePill\001_BlPi_Bare_LED_On_Off\STM32F103C8TX_FLASH.ld" --specs=nosys.specs -Wl,-Map="001_BlPi_Bare_LED_On_Off.map" -Wl,--gc-sections -static --specs=nano.specs -mfloat-abi=soft -mthumb -Wl,--start-group -lc -lm -Wl,--end-group
Finished building target: 001_BlPi_Bare_LED_On_Off.elf
 
arm-none-eabi-size   001_BlPi_Bare_LED_On_Off.elf 
arm-none-eabi-objdump -h -S  001_BlPi_Bare_LED_On_Off.elf  > "001_BlPi_Bare_LED_On_Off.list"
arm-none-eabi-objcopy  -O binary  001_BlPi_Bare_LED_On_Off.elf  "001_BlPi_Bare_LED_On_Off.bin"
   text	   data	    bss	    dec	    hex	filename
    640	      8	   1568	   2216	    8a8	001_BlPi_Bare_LED_On_Off.elf
Finished building: default.size.stdout
 
Finished building: 001_BlPi_Bare_LED_On_Off.bin
Finished building: 001_BlPi_Bare_LED_On_Off.list
 
 
21:46:14 **** Incremental Build of configuration Debug for project 001_BlPi_Bare_LED_On_Off ****
make -j8 all 
arm-none-eabi-size   001_BlPi_Bare_LED_On_Off.elf 
   text	   data	    bss	    dec	    hex	filename
    640	      8	   1568	   2216	    8a8	001_BlPi_Bare_LED_On_Off.elf
Finished building: default.size.stdout
 
21:46:26 **** Incremental Build of configuration Debug for project 001_BlPi_Bare_LED_On_Off ****
make -j8 all 
arm-none-eabi-size   001_BlPi_Bare_LED_On_Off.elf 
   text	   data	    bss	    dec	    hex	filename
    640	      8	   1568	   2216	    8a8	001_BlPi_Bare_LED_On_Off.elf
Finished building: default.size.stdout
 
21:46:47 **** Incremental Build of configuration Debug for project 001_BlPi_Bare_LED_On_Off ****
make -j8 all 
arm-none-eabi-size   001_BlPi_Bare_LED_On_Off.elf 
   text	   data	    bss	    dec	    hex	filename
    640	      8	   1568	   2216	    8a8	001_BlPi_Bare_LED_On_Off.elf
Finished building: default.size.stdout
 
21:47:29 **** Incremental Build of configuration Debug for project 001_BlPi_Bare_LED_On_Off ****
make -j8 all 
arm-none-eabi-size   001_BlPi_Bare_LED_On_Off.elf 
   text	   data	    bss	    dec	    hex	filename
    640	      8	   1568	   2216	    8a8	001_BlPi_Bare_LED_On_Off.elf
Finished building: default.size.stdout
 
21:47:47 **** Incremental Build of configuration Debug for project 001_BlPi_Bare_LED_On_Off ****
make -j8 all 
arm-none-eabi-size   001_BlPi_Bare_LED_On_Off.elf 
   text	   data	    bss	    dec	    hex	filename
    640	      8	   1568	   2216	    8a8	001_BlPi_Bare_LED_On_Off.elf
Finished building: default.size.stdout
 
21:49:06 **** Incremental Build of configuration Debug for project 001_BlPi_Bare_LED_On_Off ****
make -j8 all 
arm-none-eabi-size   001_BlPi_Bare_LED_On_Off.elf 
   text	   data	    bss	    dec	    hex	filename
    640	      8	   1568	   2216	    8a8	001_BlPi_Bare_LED_On_Off.elf
Finished building: default.size.stdout
 
21:49:31 **** Incremental Build of configuration Debug for project 001_BlPi_Bare_LED_On_Off ****
make -j8 all 
arm-none-eabi-size   001_BlPi_Bare_LED_On_Off.elf 
   text	   data	    bss	    dec	    hex	filename
    640	      8	   1568	   2216	    8a8	001_BlPi_Bare_LED_On_Off.elf
Finished building: default.size.stdout
 
22:18:38 **** Incremental Build of configuration Debug for project 001_BlPi_Bare_LED_On_Off ****
make -j8 all 
arm-none-eabi-size   001_BlPi_Bare_LED_On_Off.elf 
   text	   data	    bss	    dec	    hex	filename
    640	      8	   1568	   2216	    8a8	001_BlPi_Bare_LED_On_Off.elf
Finished building: default.size.stdout
 
22:19:19 **** Incremental Build of configuration Debug for project 001_BlPi_Bare_LED_On_Off ****
make -j8 all 
arm-none-eabi-size   001_BlPi_Bare_LED_On_Off.elf 
   text	   data	    bss	    dec	    hex	filename
    640	      8	   1568	   2216	    8a8	001_BlPi_Bare_LED_On_Off.elf
Finished building: default.size.stdout
 
22:19:49 **** Incremental Build of configuration Debug for project 001_BlPi_Bare_LED_On_Off ****
make -j8 all 
arm-none-eabi-size   001_BlPi_Bare_LED_On_Off.elf 
   text	   data	    bss	    dec	    hex	filename
    640	      8	   1568	   2216	    8a8	001_BlPi_Bare_LED_On_Off.elf
Finished building: default.size.stdout
 
22:22:49 **** Incremental Build of configuration Debug for project 001_BlPi_Bare_LED_On_Off ****
make -j8 all 
arm-none-eabi-size   001_BlPi_Bare_LED_On_Off.elf 
   text	   data	    bss	    dec	    hex	filename
    640	      8	   1568	   2216	    8a8	001_BlPi_Bare_LED_On_Off.elf
Finished building: default.size.stdout
 
22:23:35 **** Incremental Build of configuration Debug for project 001_BlPi_Bare_LED_On_Off ****
make -j8 all 
arm-none-eabi-size   001_BlPi_Bare_LED_On_Off.elf 
   text	   data	    bss	    dec	    hex	filename
    640	      8	   1568	   2216	    8a8	001_BlPi_Bare_LED_On_Off.elf
Finished building: default.size.stdout
 
22:26:21 **** Incremental Build of configuration Debug for project 001_BlPi_Bare_LED_On_Off ****
make -j8 all 
arm-none-eabi-size   001_BlPi_Bare_LED_On_Off.elf 
   text	   data	    bss	    dec	    hex	filename
    640	      8	   1568	   2216	    8a8	001_BlPi_Bare_LED_On_Off.elf
Finished building: default.size.stdout
 
22:26:34 **** Incremental Build of configuration Debug for project 001_BlPi_Bare_LED_On_Off ****
make -j8 all 
arm-none-eabi-size   001_BlPi_Bare_LED_On_Off.elf 
   text	   data	    bss	    dec	    hex	filename
    640	      8	   1568	   2216	    8a8	001_BlPi_Bare_LED_On_Off.elf
Finished building: default.size.stdout
 
22:26:42 **** Incremental Build of configuration Debug for project 001_BlPi_Bare_LED_On_Off ****
make -j8 all 
arm-none-eabi-size   001_BlPi_Bare_LED_On_Off.elf 
   text	   data	    bss	    dec	    hex	filename
    640	      8	   1568	   2216	    8a8	001_BlPi_Bare_LED_On_Off.elf
Finished building: default.size.stdout
 
22:26:49 **** Incremental Build of configuration Debug for project 001_BlPi_Bare_LED_On_Off ****
make -j8 all 
arm-none-eabi-size   001_BlPi_Bare_LED_On_Off.elf 
   text	   data	    bss	    dec	    hex	filename
    640	      8	   1568	   2216	    8a8	001_BlPi_Bare_LED_On_Off.elf
Finished building: default.size.stdout
 
22:28:16 **** Incremental Build of configuration Debug for project 001_BlPi_Bare_LED_On_Off ****
make -j8 all 
arm-none-eabi-size   001_BlPi_Bare_LED_On_Off.elf 
   text	   data	    bss	    dec	    hex	filename
    640	      8	   1568	   2216	    8a8	001_BlPi_Bare_LED_On_Off.elf
Finished building: default.size.stdout
 
22:28:16 **** Incremental Build of configuration Debug for project 001_BlPi_Bare_LED_On_Off ****
make -j8 all 
arm-none-eabi-size   001_BlPi_Bare_LED_On_Off.elf 
   text	   data	    bss	    dec	    hex	filename
    640	      8	   1568	   2216	    8a8	001_BlPi_Bare_LED_On_Off.elf
Finished building: default.size.stdout
 
22:28:32 **** Incremental Build of configuration Debug for project 001_BlPi_Bare_LED_On_Off ****
make -j8 all 
arm-none-eabi-size   001_BlPi_Bare_LED_On_Off.elf 
   text	   data	    bss	    dec	    hex	filename
    640	      8	   1568	   2216	    8a8	001_BlPi_Bare_LED_On_Off.elf
Finished building: default.size.stdout
 
22:29:02 **** Incremental Build of configuration Debug for project 001_BlPi_Bare_LED_On_Off ****
make -j8 all 
arm-none-eabi-size   001_BlPi_Bare_LED_On_Off.elf 
   text	   data	    bss	    dec	    hex	filename
    640	      8	   1568	   2216	    8a8	001_BlPi_Bare_LED_On_Off.elf
Finished building: default.size.stdout
 
22:29:48 **** Incremental Build of configuration Debug for project 001_BlPi_Bare_LED_On_Off ****
make -j8 all 
arm-none-eabi-size   001_BlPi_Bare_LED_On_Off.elf 
   text	   data	    bss	    dec	    hex	filename
    640	      8	   1568	   2216	    8a8	001_BlPi_Bare_LED_On_Off.elf
Finished building: default.size.stdout
 
22:30:57 **** Incremental Build of configuration Debug for project 001_BlPi_Bare_LED_On_Off ****
make -j8 all 
arm-none-eabi-size   001_BlPi_Bare_LED_On_Off.elf 
   text	   data	    bss	    dec	    hex	filename
    640	      8	   1568	   2216	    8a8	001_BlPi_Bare_LED_On_Off.elf
Finished building: default.size.stdout
 
