D:/GitHub/EmbedSoftProjects/Proj_G031J/GPIO_IOToggle/Src/stm32g0xx_it.c:72:6:NMI_Handler	8	static
D:/GitHub/EmbedSoftProjects/Proj_G031J/GPIO_IOToggle/Src/stm32g0xx_it.c:85:6:HardFault_Handler	8	static
D:/GitHub/EmbedSoftProjects/Proj_G031J/GPIO_IOToggle/Src/stm32g0xx_it.c:100:6:SVC_Handler	8	static
D:/GitHub/EmbedSoftProjects/Proj_G031J/GPIO_IOToggle/Src/stm32g0xx_it.c:113:6:PendSV_Handler	8	static
D:/GitHub/EmbedSoftProjects/Proj_G031J/GPIO_IOToggle/Src/stm32g0xx_it.c:126:6:SysTick_Handler	8	static
